48 passed, 1 warning in 2.52s
